
> globalsoft-components@1.0.0 test
> jest gs-list

node.exe : PASS gs-list/src/__tests__/GSList.i18n.test.tsx
At C:\nvm4w\nodejs\npm.ps1:29 char:3
+   & $NODE_EXE $NPM_CLI_JS $args
+   ~~~~~~~~~~~~~~~~~~~~~~~~~~~~~
    + CategoryInfo          : NotSpecified: (PASS gs-list/sr...t.i18n.test.tsx 
   :String) [], RemoteException
    + FullyQualifiedErrorId : NativeCommandError
 
  GSList - Internationalization
    English Translations
      ÔêÜ should render list in English (51 ms)
      ÔêÜ should use English for empty state if implemented (12 ms)
    Portuguese Translations
      ÔêÜ should render list in Portuguese (6 ms)
      ÔêÜ should use Portuguese for empty state if implemented (4 ms)
    Language Switching
      ÔêÜ should update language dynamically (15 ms)
      ÔêÜ should maintain functionality when switching languages (7 ms)
    Fallback Behavior
      ÔêÜ should handle missing translations gracefully (5 ms)
      ÔêÜ should work with custom content regardless of language (10 ms)
    Translation Registration
      ÔêÜ should register translations on component mount (5 ms)
      ÔêÜ should not duplicate translations on multiple renders (9 ms)
    Compound Components i18n
      ÔêÜ should handle i18n in Header component (4 ms)
      ÔêÜ should handle i18n in Footer component (7 ms)
      ÔêÜ should handle i18n in Separator with label (6 ms)

FAIL gs-list/src/__tests__/GSList.test.tsx
  GSList
    Rendering
      ÔêÜ should render list with default props (43 ms)
      ÔêÜ should render with custom className (7 ms)
    Variant System
      ├ù should render default variant (13 ms)
      ├ù should render bordered variant (4 ms)
      ├ù should render plain variant (6 ms)
    Size System
      ├ù should render small size (3 ms)
      ├ù should render medium size (4 ms)
      ├ù should render large size (5 ms)
    Compound Components
      ÔêÜ should render GSList.Header (11 ms)
      ÔêÜ should render multiple GSList.Item (6 ms)
      ├ù should render GSList.Separator (6 ms)
      ÔêÜ should render GSList.Footer (4 ms)
    GSList.Item Props
      ÔêÜ should render item with title (3 ms)
      ÔêÜ should render item with description (4 ms)
      ├ù should render active item (4 ms)
      ├ù should render disabled item (3 ms)
      ÔêÜ should call onClick when item is clicked (96 ms)
      ÔêÜ should not call onClick when item is disabled (39 ms)
    GSList.Separator
      ├ù should render separator without label (8 ms)
      ÔêÜ should render separator with label (4 ms)

  ÔùÅ GSList ÔÇ║ Variant System ÔÇ║ should render default variant

    expect(element).toHaveAttribute("data-variant", "default") // 
element.getAttribute("data-variant") === "default"

    Expected the element to have attribute:
      data-variant="default"
    Received:
      null

    [0m [90m 46 |[39m       )[33m;[39m
     [90m 47 |[39m       [36mconst[39m list [33m=[39m 
container[33m.[39mquerySelector([32m'[data-gs="GSList"]'[39m)[33m;[39m
    [31m[1m>[22m[39m[90m 48 |[39m       
expect(list)[33m.[39mtoHaveAttribute([32m'data-variant'[39m[33m,[39m 
[32m'default'[39m)[33m;[39m
     [90m    |[39m                    [31m[1m^[22m[39m
     [90m 49 |[39m     })[33m;[39m
     [90m 50 |[39m
     [90m 51 |[39m     it([32m'should render bordered 
variant'[39m[33m,[39m () [33m=>[39m {[0m

      at Object.<anonymous> (gs-list/src/__tests__/GSList.test.tsx:48:20)

  ÔùÅ GSList ÔÇ║ Variant System ÔÇ║ should render bordered variant

    expect(element).toHaveAttribute("data-variant", "bordered") // 
element.getAttribute("data-variant") === "bordered"

    Expected the element to have attribute:
      data-variant="bordered"
    Received:
      null

    [0m [90m 56 |[39m       )[33m;[39m
     [90m 57 |[39m       [36mconst[39m list [33m=[39m 
container[33m.[39mquerySelector([32m'[data-gs="GSList"]'[39m)[33m;[39m
    [31m[1m>[22m[39m[90m 58 |[39m       
expect(list)[33m.[39mtoHaveAttribute([32m'data-variant'[39m[33m,[39m 
[32m'bordered'[39m)[33m;[39m
     [90m    |[39m                    [31m[1m^[22m[39m
     [90m 59 |[39m     })[33m;[39m
     [90m 60 |[39m
     [90m 61 |[39m     it([32m'should render plain variant'[39m[33m,[39m 
() [33m=>[39m {[0m

      at Object.<anonymous> (gs-list/src/__tests__/GSList.test.tsx:58:20)

  ÔùÅ GSList ÔÇ║ Variant System ÔÇ║ should render plain variant

    expect(element).toHaveAttribute("data-variant", "plain") // 
element.getAttribute("data-variant") === "plain"

    Expected the element to have attribute:
      data-variant="plain"
    Received:
      null

    [0m [90m 66 |[39m       )[33m;[39m
     [90m 67 |[39m       [36mconst[39m list [33m=[39m 
container[33m.[39mquerySelector([32m'[data-gs="GSList"]'[39m)[33m;[39m
    [31m[1m>[22m[39m[90m 68 |[39m       
expect(list)[33m.[39mtoHaveAttribute([32m'data-variant'[39m[33m,[39m 
[32m'plain'[39m)[33m;[39m
     [90m    |[39m                    [31m[1m^[22m[39m
     [90m 69 |[39m     })[33m;[39m
     [90m 70 |[39m   })[33m;[39m
     [90m 71 |[39m[0m

      at Object.<anonymous> (gs-list/src/__tests__/GSList.test.tsx:68:20)

  ÔùÅ GSList ÔÇ║ Size System ÔÇ║ should render small size

    expect(element).toHaveAttribute("data-size", "sm") // 
element.getAttribute("data-size") === "sm"

    Expected the element to have attribute:
      data-size="sm"
    Received:
      null

    [0m [90m 78 |[39m       )[33m;[39m
     [90m 79 |[39m       [36mconst[39m list [33m=[39m 
container[33m.[39mquerySelector([32m'[data-gs="GSList"]'[39m)[33m;[39m
    [31m[1m>[22m[39m[90m 80 |[39m       
expect(list)[33m.[39mtoHaveAttribute([32m'data-size'[39m[33m,[39m 
[32m'sm'[39m)[33m;[39m
     [90m    |[39m                    [31m[1m^[22m[39m
     [90m 81 |[39m     })[33m;[39m
     [90m 82 |[39m
     [90m 83 |[39m     it([32m'should render medium size'[39m[33m,[39m 
() [33m=>[39m {[0m

      at Object.<anonymous> (gs-list/src/__tests__/GSList.test.tsx:80:20)

  ÔùÅ GSList ÔÇ║ Size System ÔÇ║ should render medium size

    expect(element).toHaveAttribute("data-size", "md") // 
element.getAttribute("data-size") === "md"

    Expected the element to have attribute:
      data-size="md"
    Received:
      null

    [0m [90m 88 |[39m       )[33m;[39m
     [90m 89 |[39m       [36mconst[39m list [33m=[39m 
container[33m.[39mquerySelector([32m'[data-gs="GSList"]'[39m)[33m;[39m
    [31m[1m>[22m[39m[90m 90 |[39m       
expect(list)[33m.[39mtoHaveAttribute([32m'data-size'[39m[33m,[39m 
[32m'md'[39m)[33m;[39m
     [90m    |[39m                    [31m[1m^[22m[39m
     [90m 91 |[39m     })[33m;[39m
     [90m 92 |[39m
     [90m 93 |[39m     it([32m'should render large size'[39m[33m,[39m () 
[33m=>[39m {[0m

      at Object.<anonymous> (gs-list/src/__tests__/GSList.test.tsx:90:20)

  ÔùÅ GSList ÔÇ║ Size System ÔÇ║ should render large size

    expect(element).toHaveAttribute("data-size", "lg") // 
element.getAttribute("data-size") === "lg"

    Expected the element to have attribute:
      data-size="lg"
    Received:
      null

    [0m [90m  98 |[39m       )[33m;[39m
     [90m  99 |[39m       [36mconst[39m list [33m=[39m 
container[33m.[39mquerySelector([32m'[data-gs="GSList"]'[39m)[33m;[39m
    [31m[1m>[22m[39m[90m 100 |[39m       
expect(list)[33m.[39mtoHaveAttribute([32m'data-size'[39m[33m,[39m 
[32m'lg'[39m)[33m;[39m
     [90m     |[39m                    [31m[1m^[22m[39m
     [90m 101 |[39m     })[33m;[39m
     [90m 102 |[39m   })[33m;[39m
     [90m 103 |[39m[0m

      at Object.<anonymous> (gs-list/src/__tests__/GSList.test.tsx:100:20)

  ÔùÅ GSList ÔÇ║ Compound Components ÔÇ║ should render GSList.Separator

    expect(received).toBeInTheDocument()

    received value must be an HTMLElement or an SVGElement.
    Received has value: null

    [0m [90m 134 |[39m       )[33m;[39m
     [90m 135 |[39m       [36mconst[39m separator [33m=[39m container[33
m.[39mquerySelector([32m'[data-gs="GSList-separator"]'[39m)[33m;[39m
    [31m[1m>[22m[39m[90m 136 |[39m       
expect(separator)[33m.[39mtoBeInTheDocument()[33m;[39m
     [90m     |[39m                         [31m[1m^[22m[39m
     [90m 137 |[39m     })[33m;[39m
     [90m 138 |[39m
     [90m 139 |[39m     it([32m'should render 
GSList.Footer'[39m[33m,[39m () [33m=>[39m {[0m

      at __EXTERNAL_MATCHER_TRAP__ (node_modules/expect/build/index.js:2240:22)
      at Object.throwingMatcher [as toBeInTheDocument] 
(node_modules/expect/build/index.js:2241:6)
      at Object.<anonymous> (gs-list/src/__tests__/GSList.test.tsx:136:25)

  ÔùÅ GSList ÔÇ║ GSList.Item Props ÔÇ║ should render active item

    expect(received).toBeInTheDocument()

    received value must be an HTMLElement or an SVGElement.
    Received has value: null

    [0m [90m 175 |[39m       )[33m;[39m
     [90m 176 |[39m       [36mconst[39m item [33m=[39m 
container[33m.[39mquerySelector([32m'[data-active="true"]'[39m)[33m;[39m
    [31m[1m>[22m[39m[90m 177 |[39m       
expect(item)[33m.[39mtoBeInTheDocument()[33m;[39m
     [90m     |[39m                    [31m[1m^[22m[39m
     [90m 178 |[39m     })[33m;[39m
     [90m 179 |[39m
     [90m 180 |[39m     it([32m'should render disabled 
item'[39m[33m,[39m () [33m=>[39m {[0m

      at __EXTERNAL_MATCHER_TRAP__ (node_modules/expect/build/index.js:2240:22)
      at Object.throwingMatcher [as toBeInTheDocument] 
(node_modules/expect/build/index.js:2241:6)
      at Object.<anonymous> (gs-list/src/__tests__/GSList.test.tsx:177:20)

  ÔùÅ GSList ÔÇ║ GSList.Item Props ÔÇ║ should render disabled item

    expect(received).toBeInTheDocument()

    received value must be an HTMLElement or an SVGElement.
    Received has value: null

    [0m [90m 185 |[39m       )[33m;[39m
     [90m 186 |[39m       [36mconst[39m item [33m=[39m container[33m.[3
9mquerySelector([32m'[data-disabled="true"]'[39m)[33m;[39m
    [31m[1m>[22m[39m[90m 187 |[39m       
expect(item)[33m.[39mtoBeInTheDocument()[33m;[39m
     [90m     |[39m                    [31m[1m^[22m[39m
     [90m 188 |[39m     })[33m;[39m
     [90m 189 |[39m
     [90m 190 |[39m     it([32m'should call onClick when item is 
clicked'[39m[33m,[39m [36masync[39m () [33m=>[39m {[0m

      at __EXTERNAL_MATCHER_TRAP__ (node_modules/expect/build/index.js:2240:22)
      at Object.throwingMatcher [as toBeInTheDocument] 
(node_modules/expect/build/index.js:2241:6)
      at Object.<anonymous> (gs-list/src/__tests__/GSList.test.tsx:187:20)

  ÔùÅ GSList ÔÇ║ GSList.Separator ÔÇ║ should render separator without label

    expect(received).toBeInTheDocument()

    received value must be an HTMLElement or an SVGElement.
    Received has value: null

    [0m [90m 225 |[39m       )[33m;[39m
     [90m 226 |[39m       [36mconst[39m separator [33m=[39m container[33
m.[39mquerySelector([32m'[data-gs="GSList-separator"]'[39m)[33m;[39m
    [31m[1m>[22m[39m[90m 227 |[39m       
expect(separator)[33m.[39mtoBeInTheDocument()[33m;[39m
     [90m     |[39m                         [31m[1m^[22m[39m
     [90m 228 |[39m       
expect(separator)[33m.[39mtoHaveAttribute([32m'role'[39m[33m,[39m 
[32m'separator'[39m)[33m;[39m
     [90m 229 |[39m     })[33m;[39m
     [90m 230 |[39m[0m

      at __EXTERNAL_MATCHER_TRAP__ (node_modules/expect/build/index.js:2240:22)
      at Object.throwingMatcher [as toBeInTheDocument] 
(node_modules/expect/build/index.js:2241:6)
      at Object.<anonymous> (gs-list/src/__tests__/GSList.test.tsx:227:25)

FAIL gs-list/src/__tests__/GSList.a11y.test.tsx
  GSList - Accessibility
    ARIA Attributes
      ÔêÜ should have correct role for list (47 ms)
      ÔêÜ should have correct role for list items (10 ms)
      ÔêÜ should have correct role for separator (8 ms)
    Interactive Items Accessibility
      ÔêÜ should have tabindex for clickable items (7 ms)
      ÔêÜ should have tabindex -1 for disabled items (7 ms)
      ÔêÜ should have aria-disabled for disabled items (5 ms)
      ├ù should have aria-current for active items (7 ms)
    Keyboard Navigation
      ÔêÜ should support Enter key on clickable items (48 ms)
      ÔêÜ should support Space key on clickable items (18 ms)
      ÔêÜ should not trigger onClick when disabled via keyboard (13 ms)
    Axe Accessibility Tests
      ├ù should have no accessibility violations (basic) (142 ms)
      ├ù should have no violations with header and footer (33 ms)
      ├ù should have no violations with separators (39 ms)
      ├ù should have no violations with active and disabled items (78 ms)
      ├ù should have no violations with complex variant (28 ms)
      ├ù should have no violations with all variants (18 ms)
    Screen Reader Support
      ÔêÜ should announce list to screen readers (2 ms)
      ÔêÜ should announce separators with labels (3 ms)

  ÔùÅ GSList - Accessibility ÔÇ║ Interactive Items Accessibility ÔÇ║ should 
have aria-current for active items

    expect(element).toHaveAttribute("aria-current", "true") // 
element.getAttribute("aria-current") === "true"

    Expected the element to have attribute:
      aria-current="true"
    Received:
      null

    [0m [90m 91 |[39m       )[33m;[39m
     [90m 92 |[39m       [36mconst[39m item [33m=[39m screen[33m.[39mge
tByText([32m'Active'[39m)[33m.[39mclosest([32m'[role="listitem"]'[39m)[3
3m;[39m
    [31m[1m>[22m[39m[90m 93 |[39m       
expect(item)[33m.[39mtoHaveAttribute([32m'aria-current'[39m[33m,[39m 
[32m'true'[39m)[33m;[39m
     [90m    |[39m                    [31m[1m^[22m[39m
     [90m 94 |[39m     })[33m;[39m
     [90m 95 |[39m   })[33m;[39m
     [90m 96 |[39m[0m

      at Object.<anonymous> (gs-list/src/__tests__/GSList.a11y.test.tsx:93:20)

  ÔùÅ GSList - Accessibility ÔÇ║ Axe Accessibility Tests ÔÇ║ should have no 
accessibility violations (basic)

    expect(received).toHaveNoViolations(expected)

    Expected the HTML found at $('button[title="Item 1"]') to have no 
violations:

    <button class="item itemSimple" title="Item 1" data-gs-el="item" 
data-gs-variant="simple" data-has-action="false" aria-disabled="false" 
aria-label="Item 1" tabindex="-1" role="listitem" type="button">Item 1</button>

    Received:

    "ARIA role should be appropriate for the element (aria-allowed-role)"

    Fix any of the following:
      ARIA role listitem is not allowed for given element

    You can find more information on this issue here: 
    
https://dequeuniversity.com/rules/axe/4.10/aria-allowed-role?application=axeAPI

    Expected the HTML found at $('button[title="Item 2"]') to have no 
violations:

    <button class="item itemSimple" title="Item 2" data-gs-el="item" 
data-gs-variant="simple" data-has-action="false" aria-disabled="false" 
aria-label="Item 2" tabindex="-1" role="listitem" type="button">Item 2</button>

    Received:

    "ARIA role should be appropriate for the element (aria-allowed-role)"

    Fix any of the following:
      ARIA role listitem is not allowed for given element

    You can find more information on this issue here: 
    
https://dequeuniversity.com/rules/axe/4.10/aria-allowed-role?application=axeAPI

    [0m [90m 148 |[39m       )[33m;[39m
     [90m 149 |[39m       [36mconst[39m results [33m=[39m 
[36mawait[39m axe(container)[33m;[39m
    [31m[1m>[22m[39m[90m 150 |[39m       
expect(results)[33m.[39mtoHaveNoViolations()[33m;[39m
     [90m     |[39m                       [31m[1m^[22m[39m
     [90m 151 |[39m     })[33m;[39m
     [90m 152 |[39m
     [90m 153 |[39m     it([32m'should have no violations with header and 
footer'[39m[33m,[39m [36masync[39m () [33m=>[39m {[0m

      at Object.<anonymous> (gs-list/src/__tests__/GSList.a11y.test.tsx:150:23)

  ÔùÅ GSList - Accessibility ÔÇ║ Axe Accessibility Tests ÔÇ║ should have no 
violations with header and footer

    expect(received).toHaveNoViolations(expected)

    Expected the HTML found at $('button') to have no violations:

    <button class="item itemSimple" title="Item 1" data-gs-el="item" 
data-gs-variant="simple" data-has-action="false" aria-disabled="false" 
aria-label="Item 1" tabindex="-1" role="listitem" type="button">Item 1</button>

    Received:

    "ARIA role should be appropriate for the element (aria-allowed-role)"

    Fix any of the following:
      ARIA role listitem is not allowed for given element

    You can find more information on this issue here: 
    
https://dequeuniversity.com/rules/axe/4.10/aria-allowed-role?application=axeAPI

    ÔöÇÔöÇÔöÇÔöÇÔöÇÔöÇÔöÇÔöÇ

    Expected the HTML found at $('#gs-list-rb') to have no violations:

    <div id="gs-list-rb" class="gs-list root size-md" role="list" 
aria-label="aria.defaultLabel" data-gs="GSList" data-gs-variant="default" 
data-gs-size="md">

    Received:

    "Certain ARIA roles must contain particular children 
(aria-required-children)"

    Fix any of the following:
      Element has children which are not allowed: h3[tabindex]

    You can find more information on this issue here: 
    https://dequeuniversity.com/rules/axe/4.10/aria-required-children?applicati
on=axeAPI

    [0m [90m 160 |[39m       )[33m;[39m
     [90m 161 |[39m       [36mconst[39m results [33m=[39m 
[36mawait[39m axe(container)[33m;[39m
    [31m[1m>[22m[39m[90m 162 |[39m       
expect(results)[33m.[39mtoHaveNoViolations()[33m;[39m
     [90m     |[39m                       [31m[1m^[22m[39m
     [90m 163 |[39m     })[33m;[39m
     [90m 164 |[39m
     [90m 165 |[39m     it([32m'should have no violations with 
separators'[39m[33m,[39m [36masync[39m () [33m=>[39m {[0m

      at Object.<anonymous> (gs-list/src/__tests__/GSList.a11y.test.tsx:162:23)

  ÔùÅ GSList - Accessibility ÔÇ║ Axe Accessibility Tests ÔÇ║ should have no 
violations with separators

    expect(received).toHaveNoViolations(expected)

    Expected the HTML found at $('button[title="Item 1"]') to have no 
violations:

    <button class="item itemSimple" title="Item 1" data-gs-el="item" 
data-gs-variant="simple" data-has-action="false" aria-disabled="false" 
aria-label="Item 1" tabindex="-1" role="listitem" type="button">Item 1</button>

    Received:

    "ARIA role should be appropriate for the element (aria-allowed-role)"

    Fix any of the following:
      ARIA role listitem is not allowed for given element

    You can find more information on this issue here: 
    
https://dequeuniversity.com/rules/axe/4.10/aria-allowed-role?application=axeAPI

    Expected the HTML found at $('button[title="Item 2"]') to have no 
violations:

    <button class="item itemSimple" title="Item 2" data-gs-el="item" 
data-gs-variant="simple" data-has-action="false" aria-disabled="false" 
aria-label="Item 2" tabindex="-1" role="listitem" type="button">Item 2</button>

    Received:

    "ARIA role should be appropriate for the element (aria-allowed-role)"

    Fix any of the following:
      ARIA role listitem is not allowed for given element

    You can find more information on this issue here: 
    
https://dequeuniversity.com/rules/axe/4.10/aria-allowed-role?application=axeAPI

    ÔöÇÔöÇÔöÇÔöÇÔöÇÔöÇÔöÇÔöÇ

    Expected the HTML found at $('#gs-list-rc') to have no violations:

    <div id="gs-list-rc" class="gs-list root size-md" role="list" 
aria-label="aria.defaultLabel" data-gs="GSList" data-gs-variant="default" 
data-gs-size="md">

    Received:

    "Certain ARIA roles must contain particular children 
(aria-required-children)"

    Fix any of the following:
      Element has children which are not allowed: [role=separator]

    You can find more information on this issue here: 
    https://dequeuniversity.com/rules/axe/4.10/aria-required-children?applicati
on=axeAPI

    [0m [90m 172 |[39m       )[33m;[39m
     [90m 173 |[39m       [36mconst[39m results [33m=[39m 
[36mawait[39m axe(container)[33m;[39m
    [31m[1m>[22m[39m[90m 174 |[39m       
expect(results)[33m.[39mtoHaveNoViolations()[33m;[39m
     [90m     |[39m                       [31m[1m^[22m[39m
     [90m 175 |[39m     })[33m;[39m
     [90m 176 |[39m
     [90m 177 |[39m     it([32m'should have no violations with active and 
disabled items'[39m[33m,[39m [36masync[39m () [33m=>[39m {[0m

      at Object.<anonymous> (gs-list/src/__tests__/GSList.a11y.test.tsx:174:23)

  ÔùÅ GSList - Accessibility ÔÇ║ Axe Accessibility Tests ÔÇ║ should have no 
violations with active and disabled items

    expect(received).toHaveNoViolations(expected)

    Expected the HTML found at $('button[title="Normal"]') to have no 
violations:

    <button class="item itemSimple" title="Normal" data-gs-el="item" 
data-gs-variant="simple" data-has-action="false" aria-disabled="false" 
aria-label="Normal" tabindex="-1" role="listitem" type="button">Normal</button>

    Received:

    "ARIA role should be appropriate for the element (aria-allowed-role)"

    Fix any of the following:
      ARIA role listitem is not allowed for given element

    You can find more information on this issue here: 
    
https://dequeuniversity.com/rules/axe/4.10/aria-allowed-role?application=axeAPI

    Expected the HTML found at $('.itemActive') to have no violations:

    <button class="item itemSimple itemActive" title="Active" 
data-gs-el="item" data-gs-variant="simple" data-has-action="false" 
aria-disabled="false" aria-label="Active" tabindex="-1" role="listitem" 
type="button">Active</button>

    Received:

    "ARIA role should be appropriate for the element (aria-allowed-role)"

    Fix any of the following:
      ARIA role listitem is not allowed for given element

    You can find more information on this issue here: 
    
https://dequeuniversity.com/rules/axe/4.10/aria-allowed-role?application=axeAPI

    Expected the HTML found at $('button[title="Disabled"]') to have no 
violations:

    <button class="item itemSimple" title="Disabled" data-gs-el="item" 
data-gs-variant="simple" data-has-action="false" aria-disabled="true" 
aria-label="Disabled" tabindex="-1" role="listitem" disabled="" 
type="button">Disabled</button>

    Received:

    "ARIA role should be appropriate for the element (aria-allowed-role)"

    Fix any of the following:
      ARIA role listitem is not allowed for given element

    You can find more information on this issue here: 
    
https://dequeuniversity.com/rules/axe/4.10/aria-allowed-role?application=axeAPI

    [0m [90m 184 |[39m       )[33m;[39m
     [90m 185 |[39m       [36mconst[39m results [33m=[39m 
[36mawait[39m axe(container)[33m;[39m
    [31m[1m>[22m[39m[90m 186 |[39m       
expect(results)[33m.[39mtoHaveNoViolations()[33m;[39m
     [90m     |[39m                       [31m[1m^[22m[39m
     [90m 187 |[39m     })[33m;[39m
     [90m 188 |[39m
     [90m 189 |[39m     it([32m'should have no violations with complex 
variant'[39m[33m,[39m [36masync[39m () [33m=>[39m {[0m

      at Object.<anonymous> (gs-list/src/__tests__/GSList.a11y.test.tsx:186:23)

  ÔùÅ GSList - Accessibility ÔÇ║ Axe Accessibility Tests ÔÇ║ should have no 
violations with complex variant

    expect(received).toHaveNoViolations(expected)

    Expected the HTML found at $('button') to have no violations:

    <button class="item itemComplex" title="Complex Item" data-gs-el="item" 
data-gs-variant="complex" data-has-action="false" aria-disabled="false" 
aria-label="Complex Item" tabindex="-1" role="listitem" type="button">

    Received:

    "ARIA role should be appropriate for the element (aria-allowed-role)"

    Fix any of the following:
      ARIA role listitem is not allowed for given element

    You can find more information on this issue here: 
    
https://dequeuniversity.com/rules/axe/4.10/aria-allowed-role?application=axeAPI

    [0m [90m 198 |[39m       )[33m;[39m
     [90m 199 |[39m       [36mconst[39m results [33m=[39m 
[36mawait[39m axe(container)[33m;[39m
    [31m[1m>[22m[39m[90m 200 |[39m       
expect(results)[33m.[39mtoHaveNoViolations()[33m;[39m
     [90m     |[39m                       [31m[1m^[22m[39m
     [90m 201 |[39m     })[33m;[39m
     [90m 202 |[39m
     [90m 203 |[39m     it([32m'should have no violations with all 
variants'[39m[33m,[39m [36masync[39m () [33m=>[39m {[0m

      at Object.<anonymous> (gs-list/src/__tests__/GSList.a11y.test.tsx:200:23)

  ÔùÅ GSList - Accessibility ÔÇ║ Axe Accessibility Tests ÔÇ║ should have no 
violations with all variants

    expect(received).toHaveNoViolations(expected)

    Expected the HTML found at $('button') to have no violations:

    <button class="item itemSimple" title="Item" data-gs-el="item" 
data-gs-variant="simple" data-has-action="false" aria-disabled="false" 
aria-label="Item" tabindex="-1" role="listitem" type="button">Item</button>

    Received:

    "ARIA role should be appropriate for the element (aria-allowed-role)"

    Fix any of the following:
      ARIA role listitem is not allowed for given element

    You can find more information on this issue here: 
    
https://dequeuniversity.com/rules/axe/4.10/aria-allowed-role?application=axeAPI

    [0m [90m 209 |[39m         )[33m;[39m
     [90m 210 |[39m         [36mconst[39m results [33m=[39m 
[36mawait[39m axe(container)[33m;[39m
    [31m[1m>[22m[39m[90m 211 |[39m         
expect(results)[33m.[39mtoHaveNoViolations()[33m;[39m
     [90m     |[39m                         [31m[1m^[22m[39m
     [90m 212 |[39m       }
     [90m 213 |[39m     })[33m;[39m
     [90m 214 |[39m   })[33m;[39m[0m

      at Object.<anonymous> (gs-list/src/__tests__/GSList.a11y.test.tsx:211:25)

Test Suites: 2 failed, 1 passed, 3 total
Tests:       17 failed, 34 passed, 51 total
Snapshots:   0 total
Time:        4.247 s
Ran all test suites matching gs-list.
